=== p21b scale-up passk=5 eval_temp=0.8 gpu=6 ===
[2m2026-05-15T14:18:08.425852Z[0m [32m INFO[0m [2mself_improve_rust[0m[2m:[0m device [3mdevice[0m[2m=[0mCuda(CudaDevice(DeviceId(1)))
[2m2026-05-15T14:18:08.426133Z[0m [32m INFO[0m [2mself_improve_rust[0m[2m:[0m scratch project ready [3mscratch_dir[0m[2m=[0m/tmp/workllm-rust-scratch-b-passk5
[2m2026-05-15T14:18:08.426145Z[0m [32m INFO[0m [2mself_improve_rust[0m[2m:[0m challenge filter resolved (Phase 6 Shape B = specialist mode iff < 10) [3mchallenge_indices[0m[2m=[0m[0, 1, 2, 3, 4, 5, 6, 7, 8, 9] [3mn_challenges[0m[2m=[0m10 [3mall_challenges[0m[2m=[0m10
[2m2026-05-15T14:18:08.426398Z[0m [32m INFO[0m [2mself_improve_rust[0m[2m:[0m tokenizer + corpus [3mvocab[0m[2m=[0m97 [3mcorpus_chars[0m[2m=[0m20416
[2m2026-05-15T14:18:08.426404Z[0m [32m INFO[0m [2mself_improve_rust[0m[2m:[0m model config [3mparams[0m[2m=[0m23698944 [3mlora_rank[0m[2m=[0m0 [3mlora_alpha[0m[2m=[0m16.0 [3mlora_scale[0m[2m=[0m0.0
[2m2026-05-15T14:18:08.426411Z[0m [32m INFO[0m [2mself_improve_rust[0m[2m:[0m pretraining...
[2m2026-05-15T14:19:19.615171Z[0m [32m INFO[0m [2mself_improve_rust[0m[2m:[0m pretrain done [3mtrain_loss[0m[2m=[0m0.4692072868347168 [3msteps[0m[2m=[0m3000
[2m2026-05-15T14:19:19.635576Z[0m [32m INFO[0m [2mself_improve_rust[0m[2m:[0m seeding curator [3mcount[0m[2m=[0m32
[2m2026-05-15T14:19:19.635652Z[0m [32m INFO[0m [2mllm_actors::model_actor[0m[2m:[0m ModelActor started
[2m2026-05-15T14:19:19.635700Z[0m [32m INFO[0m [2mllm_actors::curator_actor[0m[2m:[0m curator add [3maccepted[0m[2m=[0m22 [3mrejected_incorrect[0m[2m=[0m0 [3mrejected_duplicate[0m[2m=[0m10 [3mbuffer[0m[2m=[0m22
[2m2026-05-15T14:19:19.635735Z[0m [32m INFO[0m [2mself_improve_rust[0m[2m:[0m curator seeded [3mseeded[0m[2m=[0m22
[2m2026-05-15T14:19:19.635781Z[0m [32m INFO[0m [2mllm_actors::supervisor[0m[2m:[0m phase: eval-before [3mround[0m[2m=[0m0
[2m2026-05-15T14:19:30.887577Z[0m [32m INFO[0m [2mllm_actors::evaluator_actor[0m[2m:[0m EvaluatorActor done [3mtotal[0m[2m=[0m24 [3mcorrect[0m[2m=[0m17 [3mpassk[0m[2m=[0m5 [3mpass_rate[0m[2m=[0m0.7083333134651184
[2m2026-05-15T14:19:30.887647Z[0m [32m INFO[0m [2mllm_actors::supervisor[0m[2m:[0m eval-before done [3mround[0m[2m=[0m0 [3mbefore_correct[0m[2m=[0m17 [3mtotal[0m[2m=[0m24
[2m2026-05-15T14:19:30.887677Z[0m [32m INFO[0m [2mllm_actors::supervisor[0m[2m:[0m sample [3mtag[0m[2m=[0m"before" [3mi[0m[2m=[0m0 [3mprompt[0m[2m=[0mfn main() { let z: i32 =  [3mcompletion[0m[2m=[0m= - 5\n
[2m2026-05-15T14:19:30.887682Z[0m [32m INFO[0m [2mllm_actors::supervisor[0m[2m:[0m sample [3mtag[0m[2m=[0m"before" [3mi[0m[2m=[0m1 [3mprompt[0m[2m=[0mfn main() { assert_eq!( [3mcompletion[0m[2m=[0m2 * + 3\n
[2m2026-05-15T14:19:30.887685Z[0m [32m INFO[0m [2mllm_actors::supervisor[0m[2m:[0m sample [3mtag[0m[2m=[0m"before" [3mi[0m[2m=[0m2 [3mprompt[0m[2m=[0mfn main() { let t: &str =  [3mcompletion[0m[2m=[0m"123"\n
[2m2026-05-15T14:19:30.887688Z[0m [32m INFO[0m [2mllm_actors::supervisor[0m[2m:[0m phase: generate [3mround[0m[2m=[0m0
[2m2026-05-15T14:19:31.917879Z[0m [32m INFO[0m [2mllm_actors::generator_actor[0m[2m:[0m GeneratorActor batch done [3mgenerated[0m[2m=[0m24 [3merrors[0m[2m=[0m0 [3moversample[0m[2m=[0m1
[2m2026-05-15T14:19:31.917906Z[0m [32m INFO[0m [2mllm_actors::supervisor[0m[2m:[0m phase: verify [3mround[0m[2m=[0m0
[2m2026-05-15T14:19:34.837968Z[0m [32m INFO[0m [2mllm_actors::verifier_actor[0m[2m:[0m VerifierActor batch done [3mverified[0m[2m=[0m24 [3mcorrect[0m[2m=[0m4
[2m2026-05-15T14:19:34.838015Z[0m [32m INFO[0m [2mllm_actors::supervisor[0m[2m:[0m phase: curate [3mround[0m[2m=[0m0
[2m2026-05-15T14:19:34.838065Z[0m [32m INFO[0m [2mllm_actors::curator_actor[0m[2m:[0m curator add [3maccepted[0m[2m=[0m1 [3mrejected_incorrect[0m[2m=[0m20 [3mrejected_duplicate[0m[2m=[0m3 [3mbuffer[0m[2m=[0m23
[2m2026-05-15T14:19:34.838109Z[0m [32m INFO[0m [2mllm_actors::supervisor[0m[2m:[0m padded corpus [3mround[0m[2m=[0m0 [3mcorpus_chars[0m[2m=[0m4794 [3mfactor[0m[2m=[0m6
[2m2026-05-15T14:19:34.838116Z[0m [32m INFO[0m [2mllm_actors::supervisor[0m[2m:[0m phase: train (SFT) [3mround[0m[2m=[0m0
[2m2026-05-15T14:19:34.838130Z[0m [32m INFO[0m [2mllm_actors::trainer_actor[0m[2m:[0m TrainerActor: launching blocking training [3mcorpus_chars[0m[2m=[0m4794 [3msave_path[0m[2m=[0m"checkpoints/rust_round_b_passk5.r0.safetensors" [3minit_from[0m[2m=[0mSome("checkpoints/rust_seed_b_passk5.safetensors") [3msteps[0m[2m=[0m600 [3mewc[0m[2m=[0mfalse [3mfreeze_base[0m[2m=[0mfalse
[2m2026-05-15T14:19:34.857356Z[0m [32m INFO[0m [2mnanogpt_rs::train[0m[2m:[0m loaded init weights for continual training [3mpath[0m[2m=[0m"checkpoints/rust_seed_b_passk5.safetensors"
[2m2026-05-15T14:19:49.187934Z[0m [32m INFO[0m [2mllm_actors::supervisor[0m[2m:[0m phase: reload [3mround[0m[2m=[0m0
[2m2026-05-15T14:19:49.206577Z[0m [32m INFO[0m [2mllm_actors::model_actor[0m[2m:[0m checkpoint reloaded [3mpath[0m[2m=[0m"checkpoints/rust_round_b_passk5.r0.safetensors"
[2m2026-05-15T14:19:49.206623Z[0m [32m INFO[0m [2mllm_actors::supervisor[0m[2m:[0m phase: eval-after [3mround[0m[2m=[0m0
[2m2026-05-15T14:20:00.560408Z[0m [32m INFO[0m [2mllm_actors::evaluator_actor[0m[2m:[0m EvaluatorActor done [3mtotal[0m[2m=[0m24 [3mcorrect[0m[2m=[0m16 [3mpassk[0m[2m=[0m5 [3mpass_rate[0m[2m=[0m0.6666666865348816
[2m2026-05-15T14:20:00.560481Z[0m [32m INFO[0m [2mllm_actors::supervisor[0m[2m:[0m sample [3mtag[0m[2m=[0m"after" [3mi[0m[2m=[0m0 [3mprompt[0m[2m=[0mfn main() { let z: i32 =  [3mcompletion[0m[2m=[0m= 0\n
[2m2026-05-15T14:20:00.560509Z[0m [32m INFO[0m [2mllm_actors::supervisor[0m[2m:[0m sample [3mtag[0m[2m=[0m"after" [3mi[0m[2m=[0m1 [3mprompt[0m[2m=[0mfn main() { assert_eq!( [3mcompletion[0m[2m=[0m1 + 4 3\n
[2m2026-05-15T14:20:00.560513Z[0m [32m INFO[0m [2mllm_actors::supervisor[0m[2m:[0m sample [3mtag[0m[2m=[0m"after" [3mi[0m[2m=[0m2 [3mprompt[0m[2m=[0mfn main() { let t: &str =  [3mcompletion[0m[2m=[0m"123"\n
[round 0] gen_correct=4/24 (16.7%)  eval before=17/24  after=16/24  Δ=-1  loss=Some(0.30882785)  t=40924ms
[2m2026-05-15T14:20:00.560562Z[0m [32m INFO[0m [2mllm_actors::supervisor[0m[2m:[0m phase: eval-before [3mround[0m[2m=[0m1
[2m2026-05-15T14:20:11.992925Z[0m [32m INFO[0m [2mllm_actors::evaluator_actor[0m[2m:[0m EvaluatorActor done [3mtotal[0m[2m=[0m24 [3mcorrect[0m[2m=[0m16 [3mpassk[0m[2m=[0m5 [3mpass_rate[0m[2m=[0m0.6666666865348816
[2m2026-05-15T14:20:11.993003Z[0m [32m INFO[0m [2mllm_actors::supervisor[0m[2m:[0m eval-before done [3mround[0m[2m=[0m1 [3mbefore_correct[0m[2m=[0m16 [3mtotal[0m[2m=[0m24
[2m2026-05-15T14:20:11.993039Z[0m [32m INFO[0m [2mllm_actors::supervisor[0m[2m:[0m sample [3mtag[0m[2m=[0m"before" [3mi[0m[2m=[0m0 [3mprompt[0m[2m=[0mfn main() { let z: i32 =  [3mcompletion[0m[2m=[0m= 0\n
[2m2026-05-15T14:20:11.993049Z[0m [32m INFO[0m [2mllm_actors::supervisor[0m[2m:[0m sample [3mtag[0m[2m=[0m"before" [3mi[0m[2m=[0m1 [3mprompt[0m[2m=[0mfn main() { assert_eq!( [3mcompletion[0m[2m=[0m1 + 4 3\n
[2m2026-05-15T14:20:11.993054Z[0m [32m INFO[0m [2mllm_actors::supervisor[0m[2m:[0m sample [3mtag[0m[2m=[0m"before" [3mi[0m[2m=[0m2 [3mprompt[0m[2m=[0mfn main() { let t: &str =  [3mcompletion[0m[2m=[0m"123"\n
[2m2026-05-15T14:20:11.993059Z[0m [32m INFO[0m [2mllm_actors::supervisor[0m[2m:[0m phase: generate [3mround[0m[2m=[0m1
[2m2026-05-15T14:20:13.058428Z[0m [32m INFO[0m [2mllm_actors::generator_actor[0m[2m:[0m GeneratorActor batch done [3mgenerated[0m[2m=[0m24 [3merrors[0m[2m=[0m0 [3moversample[0m[2m=[0m1
[2m2026-05-15T14:20:13.058463Z[0m [32m INFO[0m [2mllm_actors::supervisor[0m[2m:[0m phase: verify [3mround[0m[2m=[0m1
[2m2026-05-15T14:20:16.025780Z[0m [32m INFO[0m [2mllm_actors::verifier_actor[0m[2m:[0m VerifierActor batch done [3mverified[0m[2m=[0m24 [3mcorrect[0m[2m=[0m10
[2m2026-05-15T14:20:16.025828Z[0m [32m INFO[0m [2mllm_actors::supervisor[0m[2m:[0m phase: curate [3mround[0m[2m=[0m1
[2m2026-05-15T14:20:16.025980Z[0m [32m INFO[0m [2mllm_actors::curator_actor[0m[2m:[0m curator add [3maccepted[0m[2m=[0m0 [3mrejected_incorrect[0m[2m=[0m14 [3mrejected_duplicate[0m[2m=[0m10 [3mbuffer[0m[2m=[0m23
[2m2026-05-15T14:20:16.026260Z[0m [32m INFO[0m [2mllm_actors::supervisor[0m[2m:[0m padded corpus [3mround[0m[2m=[0m1 [3mcorpus_chars[0m[2m=[0m4374 [3mfactor[0m[2m=[0m6
[2m2026-05-15T14:20:16.026268Z[0m [32m INFO[0m [2mllm_actors::supervisor[0m[2m:[0m phase: train (SFT) [3mround[0m[2m=[0m1
[2m2026-05-15T14:20:16.026305Z[0m [32m INFO[0m [2mllm_actors::trainer_actor[0m[2m:[0m TrainerActor: launching blocking training [3mcorpus_chars[0m[2m=[0m4374 [3msave_path[0m[2m=[0m"checkpoints/rust_round_b_passk5.r1.safetensors" [3minit_from[0m[2m=[0mSome("checkpoints/rust_round_b_passk5.r0.safetensors") [3msteps[0m[2m=[0m600 [3mewc[0m[2m=[0mfalse [3mfreeze_base[0m[2m=[0mfalse
[2m2026-05-15T14:20:16.046170Z[0m [32m INFO[0m [2mnanogpt_rs::train[0m[2m:[0m loaded init weights for continual training [3mpath[0m[2m=[0m"checkpoints/rust_round_b_passk5.r0.safetensors"
[2m2026-05-15T14:20:30.341782Z[0m [32m INFO[0m [2mllm_actors::supervisor[0m[2m:[0m phase: reload [3mround[0m[2m=[0m1
[2m2026-05-15T14:20:30.363610Z[0m [32m INFO[0m [2mllm_actors::model_actor[0m[2m:[0m checkpoint reloaded [3mpath[0m[2m=[0m"checkpoints/rust_round_b_passk5.r1.safetensors"
[2m2026-05-15T14:20:30.363661Z[0m [32m INFO[0m [2mllm_actors::supervisor[0m[2m:[0m phase: eval-after [3mround[0m[2m=[0m1
[2m2026-05-15T14:20:44.829453Z[0m [32m INFO[0m [2mllm_actors::evaluator_actor[0m[2m:[0m EvaluatorActor done [3mtotal[0m[2m=[0m24 [3mcorrect[0m[2m=[0m11 [3mpassk[0m[2m=[0m5 [3mpass_rate[0m[2m=[0m0.4583333432674408
[2m2026-05-15T14:20:44.829548Z[0m [32m INFO[0m [2mllm_actors::supervisor[0m[2m:[0m sample [3mtag[0m[2m=[0m"after" [3mi[0m[2m=[0m0 [3mprompt[0m[2m=[0mfn main() { let z: i32 =  [3mcompletion[0m[2m=[0m= + 5\n
[2m2026-05-15T14:20:44.829577Z[0m [32m INFO[0m [2mllm_actors::supervisor[0m[2m:[0m sample [3mtag[0m[2m=[0m"after" [3mi[0m[2m=[0m1 [3mprompt[0m[2m=[0mfn main() { assert_eq!( [3mcompletion[0m[2m=[0m1 + 4\n
[2m2026-05-15T14:20:44.829583Z[0m [32m INFO[0m [2mllm_actors::supervisor[0m[2m:[0m sample [3mtag[0m[2m=[0m"after" [3mi[0m[2m=[0m2 [3mprompt[0m[2m=[0mfn main() { let t: &str =  [3mcompletion[0m[2m=[0m"abc"\n
[round 1] gen_correct=10/24 (41.7%)  eval before=16/24  after=11/24  Δ=-5  loss=Some(0.31679612)  t=44269ms

=== history ===
round 0: gen=4/24 (16.7%)  eval before=17/24 after=16/24  Δ=-1
round 1: gen=10/24 (41.7%)  eval before=16/24 after=11/24  Δ=-5
=== p21b done passk=5 ===
